

================================================================
== Vitis HLS Report for 'fft_serial_kernel_wrapper'
================================================================
* Date:           Tue Mar  3 20:53:54 2026

* Version:        2023.2 (Build 4023990 on Oct 11 2023)
* Project:        hls_project
* Solution:       solution1 (Vivado IP Flow Target)
* Product family: zynquplus
* Target device:  xck26-sfvc784-2LV-c


================================================================
== Performance Estimates
================================================================
+ Timing: 
    * Summary: 
    +--------+---------+----------+------------+
    |  Clock |  Target | Estimated| Uncertainty|
    +--------+---------+----------+------------+
    |ap_clk  |  3.00 ns|  2.190 ns|     0.81 ns|
    +--------+---------+----------+------------+

+ Latency: 
    * Summary: 
    +---------+---------+-----------+----------+-----+------+----------+
    |  Latency (cycles) |  Latency (absolute)  |  Interval  | Pipeline |
    |   min   |   max   |    min    |    max   | min |  max |   Type   |
    +---------+---------+-----------+----------+-----+------+----------+
    |        4|     3332|  12.000 ns|  9.996 us|    4|  3332|  dataflow|
    +---------+---------+-----------+----------+-----+------+----------+

    + Detail: 
        * Instance: 
        +----------------------+-------------------+---------+---------+----------+----------+-----+------+---------+
        |                      |                   |  Latency (cycles) |  Latency (absolute) |  Interval  | Pipeline|
        |       Instance       |       Module      |   min   |   max   |    min   |    max   | min |  max |   Type  |
        +----------------------+-------------------+---------+---------+----------+----------+-----+------+---------+
        |entry_proc42_U0       |entry_proc42       |        0|        0|      0 ns|      0 ns|    0|     0|       no|
        |fft_serial_kernel_U0  |fft_serial_kernel  |        3|     3331|  9.000 ns|  9.993 us|    3|  3331|       no|
        +----------------------+-------------------+---------+---------+----------+----------+-----+------+---------+

        * Loop: 
        N/A



================================================================
== Utilization Estimates
================================================================
* Summary: 
+-----------------+---------+------+--------+--------+-----+
|       Name      | BRAM_18K|  DSP |   FF   |   LUT  | URAM|
+-----------------+---------+------+--------+--------+-----+
|DSP              |        -|     -|       -|       -|    -|
|Expression       |        -|     -|       0|       2|    -|
|FIFO             |        -|     -|      99|      67|    -|
|Instance         |        1|     0|    3943|    2735|    -|
|Memory           |        -|     -|       -|       -|    -|
|Multiplexer      |        -|     -|       -|       -|    -|
|Register         |        -|     -|       -|       -|    -|
+-----------------+---------+------+--------+--------+-----+
|Total            |        1|     0|    4042|    2804|    0|
+-----------------+---------+------+--------+--------+-----+
|Available        |      288|  1248|  234240|  117120|   64|
+-----------------+---------+------+--------+--------+-----+
|Utilization (%)  |       ~0|     0|       1|       2|    0|
+-----------------+---------+------+--------+--------+-----+

+ Detail: 
    * Instance: 
    +----------------------+-------------------+---------+----+------+------+-----+
    |       Instance       |       Module      | BRAM_18K| DSP|  FF  |  LUT | URAM|
    +----------------------+-------------------+---------+----+------+------+-----+
    |entry_proc42_U0       |entry_proc42       |        0|   0|    34|    38|    0|
    |fft_serial_kernel_U0  |fft_serial_kernel  |        1|   0|  3909|  2697|    0|
    +----------------------+-------------------+---------+----+------+------+-----+
    |Total                 |                   |        1|   0|  3943|  2735|    0|
    +----------------------+-------------------+---------+----+------+------+-----+

    * DSP: 
    N/A

    * Memory: 
    N/A

    * FIFO: 
    +-------------+---------+----+----+-----+------+-----+---------+
    |     Name    | BRAM_18K| FF | LUT| URAM| Depth| Bits| Size:D*B|
    +-------------+---------+----+----+-----+------+-----+---------+
    |p_channel_U  |        0|  99|   0|    -|     2|   32|       64|
    +-------------+---------+----+----+-----+------+-----+---------+
    |Total        |        0|  99|   0|    0|     2|   32|       64|
    +-------------+---------+----+----+-----+------+-----+---------+

    * Expression: 
    +--------------+----------+----+---+----+------------+------------+
    | Variable Name| Operation| DSP| FF| LUT| Bitwidth P0| Bitwidth P1|
    +--------------+----------+----+---+----+------------+------------+
    |ap_idle       |       and|   0|  0|   2|           1|           1|
    +--------------+----------+----+---+----+------------+------------+
    |Total         |          |   0|  0|   2|           1|           1|
    +--------------+----------+----+---+----+------------+------------+

    * Multiplexer: 
    N/A

    * Register: 
    N/A



================================================================
== Interface
================================================================
* Summary: 
+----------------------+-----+-----+------------+---------------------------+--------------+
|       RTL Ports      | Dir | Bits|  Protocol  |       Source Object       |    C Type    |
+----------------------+-----+-----+------------+---------------------------+--------------+
|input_stream_dout     |   in|   32|     ap_fifo|               input_stream|       pointer|
|input_stream_empty_n  |   in|    1|     ap_fifo|               input_stream|       pointer|
|input_stream_read     |  out|    1|     ap_fifo|               input_stream|       pointer|
|fft_out_din           |  out|   32|     ap_fifo|                    fft_out|       pointer|
|fft_out_full_n        |   in|    1|     ap_fifo|                    fft_out|       pointer|
|fft_out_write         |  out|    1|     ap_fifo|                    fft_out|       pointer|
|iter_dout             |   in|   32|     ap_fifo|                       iter|       pointer|
|iter_empty_n          |   in|    1|     ap_fifo|                       iter|       pointer|
|iter_read             |  out|    1|     ap_fifo|                       iter|       pointer|
|iter_c_din            |  out|   28|     ap_fifo|                     iter_c|       pointer|
|iter_c_full_n         |   in|    1|     ap_fifo|                     iter_c|       pointer|
|iter_c_write          |  out|    1|     ap_fifo|                     iter_c|       pointer|
|ap_clk                |   in|    1|  ap_ctrl_hs|  fft_serial_kernel.wrapper|  return value|
|ap_rst                |   in|    1|  ap_ctrl_hs|  fft_serial_kernel.wrapper|  return value|
|ap_start              |   in|    1|  ap_ctrl_hs|  fft_serial_kernel.wrapper|  return value|
|ap_done               |  out|    1|  ap_ctrl_hs|  fft_serial_kernel.wrapper|  return value|
|ap_ready              |  out|    1|  ap_ctrl_hs|  fft_serial_kernel.wrapper|  return value|
|ap_idle               |  out|    1|  ap_ctrl_hs|  fft_serial_kernel.wrapper|  return value|
|ap_continue           |   in|    1|  ap_ctrl_hs|  fft_serial_kernel.wrapper|  return value|
+----------------------+-----+-----+------------+---------------------------+--------------+

