#-----------------------------------------------------------
# Vivado v2023.2 (64-bit)
# SW Build 4029153 on Fri Oct 13 20:13:54 MDT 2023
# IP Build 4028589 on Sat Oct 14 00:45:43 MDT 2023
# SharedData Build 4025554 on Tue Oct 10 17:18:54 MDT 2023
# Start of session at: Wed Mar 11 13:27:33 2026
# Process ID: 37657
# Current directory: /home/phongtran/Downloads/ssr-fft-main/fft_4k_ssr2_i16_c16_t16/hls_project/solution1/sim/verilog
# Command line: vivado -source open_wave.tcl
# Log file: /home/phongtran/Downloads/ssr-fft-main/fft_4k_ssr2_i16_c16_t16/hls_project/solution1/sim/verilog/vivado.log
# Journal file: /home/phongtran/Downloads/ssr-fft-main/fft_4k_ssr2_i16_c16_t16/hls_project/solution1/sim/verilog/vivado.jou
# Running On: phongtran-Thin-GF63-12UCX, OS: Linux, CPU Frequency: 3988.450 MHz, CPU Physical cores: 8, Host memory: 16455 MB
#-----------------------------------------------------------
start_gui
source open_wave.tcl
open_wave_config /home/phongtran/Downloads/ssr-fft-main/fft_4k_ssr2_i16_c16_t16/hls_project/solution1/sim/verilog/fft_4k_ssr2_i16_c16_t16_top.wcfg
