

================================================================
== Vitis HLS Report for 'reorder_Pipeline_pipeup_l1_pipeup_l2'
================================================================
* Date:           Tue Mar  3 21:26:51 2026

* Version:        2023.2 (Build 4023990 on Oct 11 2023)
* Project:        hls_project
* Solution:       solution1 (Vivado IP Flow Target)
* Product family: zynquplus
* Target device:  xck26-sfvc784-2LV-c


================================================================
== Performance Estimates
================================================================
+ Timing: 
    * Summary: 
    +--------+----------+----------+------------+
    |  Clock |  Target  | Estimated| Uncertainty|
    +--------+----------+----------+------------+
    |ap_clk  |  10.00 ns|  3.075 ns|     2.70 ns|
    +--------+----------+----------+------------+

+ Latency: 
    * Summary: 
    +---------+---------+-----------+-----------+------+------+---------+
    |  Latency (cycles) |   Latency (absolute)  |   Interval  | Pipeline|
    |   min   |   max   |    min    |    max    |  min |  max |   Type  |
    +---------+---------+-----------+-----------+------+------+---------+
    |     8194|     8194|  81.940 us|  81.940 us|  8194|  8194|       no|
    +---------+---------+-----------+-----------+------+------+---------+

    + Detail: 
        * Instance: 
        N/A

        * Loop: 
        +-----------------------+---------+---------+----------+-----------+-----------+------+----------+
        |                       |  Latency (cycles) | Iteration|  Initiation Interval  | Trip |          |
        |       Loop Name       |   min   |   max   |  Latency |  achieved |   target  | Count| Pipelined|
        +-----------------------+---------+---------+----------+-----------+-----------+------+----------+
        |- pipeup_l1_pipeup_l2  |     8192|     8192|         2|          1|          1|  8192|       yes|
        +-----------------------+---------+---------+----------+-----------+-----------+------+----------+



================================================================
== Utilization Estimates
================================================================
* Summary: 
+-----------------+---------+------+--------+--------+-----+
|       Name      | BRAM_18K|  DSP |   FF   |   LUT  | URAM|
+-----------------+---------+------+--------+--------+-----+
|DSP              |        -|     -|       -|       -|    -|
|Expression       |        -|     -|       0|      93|    -|
|FIFO             |        -|     -|       -|       -|    -|
|Instance         |        -|     -|       -|       -|    -|
|Memory           |        -|     -|       -|       -|    -|
|Multiplexer      |        -|     -|       -|      63|    -|
|Register         |        -|     -|      33|       -|    -|
+-----------------+---------+------+--------+--------+-----+
|Total            |        0|     0|      33|     156|    0|
+-----------------+---------+------+--------+--------+-----+
|Available        |      288|  1248|  234240|  117120|   64|
+-----------------+---------+------+--------+--------+-----+
|Utilization (%)  |        0|     0|      ~0|      ~0|    0|
+-----------------+---------+------+--------+--------+-----+

+ Detail: 
    * Instance: 
    N/A

    * DSP: 
    N/A

    * Memory: 
    N/A

    * FIFO: 
    N/A

    * Expression: 
    +---------------------------+----------+----+---+----+------------+------------+
    |       Variable Name       | Operation| DSP| FF| LUT| Bitwidth P0| Bitwidth P1|
    +---------------------------+----------+----+---+----+------------+------------+
    |add_ln119_1_fu_156_p2      |         +|   0|  0|  21|          14|           1|
    |add_ln119_fu_173_p2        |         +|   0|  0|   9|           2|           1|
    |add_ln121_fu_243_p2        |         +|   0|  0|  21|          14|           2|
    |ap_block_pp0_stage0_11001  |       and|   0|  0|   2|           1|           1|
    |icmp_ln119_fu_150_p2       |      icmp|   0|  0|  22|          14|          15|
    |select_ln119_1_fu_195_p3   |    select|   0|  0|   2|           1|           2|
    |select_ln119_fu_187_p3     |    select|   0|  0|  14|           1|           1|
    |ap_enable_pp0              |       xor|   0|  0|   2|           1|           2|
    +---------------------------+----------+----+---+----+------------+------------+
    |Total                      |          |   0|  0|  93|          48|          25|
    +---------------------------+----------+----+---+----+------------+------------+

    * Multiplexer: 
    +--------------------------------------+----+-----------+-----+-----------+
    |                 Name                 | LUT| Input Size| Bits| Total Bits|
    +--------------------------------------+----+-----------+-----+-----------+
    |ap_done_int                           |   9|          2|    1|          2|
    |ap_enable_reg_pp0_iter1               |   9|          2|    1|          2|
    |ap_sig_allocacmp_indvar_flatten_load  |   9|          2|   14|         28|
    |i_fu_66                               |   9|          2|    2|          4|
    |indvar_flatten_fu_70                  |   9|          2|   14|         28|
    |input_stream_blk_n                    |   9|          2|    1|          2|
    |k_fu_62                               |   9|          2|   14|         28|
    +--------------------------------------+----+-----------+-----+-----------+
    |Total                                 |  63|         14|   47|         94|
    +--------------------------------------+----+-----------+-----+-----------+

    * Register: 
    +-------------------------+----+----+-----+-----------+
    |           Name          | FF | LUT| Bits| Const Bits|
    +-------------------------+----+----+-----+-----------+
    |ap_CS_fsm                |   1|   0|    1|          0|
    |ap_done_reg              |   1|   0|    1|          0|
    |ap_enable_reg_pp0_iter1  |   1|   0|    1|          0|
    |i_fu_66                  |   2|   0|    2|          0|
    |indvar_flatten_fu_70     |  14|   0|   14|          0|
    |k_fu_62                  |  14|   0|   14|          0|
    +-------------------------+----+----+-----+-----------+
    |Total                    |  33|   0|   33|          0|
    +-------------------------+----+----+-----+-----------+



================================================================
== Interface
================================================================
* Summary: 
+-----------------------------+-----+-----+------------+--------------------------------------+--------------+
|          RTL Ports          | Dir | Bits|  Protocol  |             Source Object            |    C Type    |
+-----------------------------+-----+-----+------------+--------------------------------------+--------------+
|ap_clk                       |   in|    1|  ap_ctrl_hs|  reorder_Pipeline_pipeup_l1_pipeup_l2|  return value|
|ap_rst                       |   in|    1|  ap_ctrl_hs|  reorder_Pipeline_pipeup_l1_pipeup_l2|  return value|
|ap_start                     |   in|    1|  ap_ctrl_hs|  reorder_Pipeline_pipeup_l1_pipeup_l2|  return value|
|ap_done                      |  out|    1|  ap_ctrl_hs|  reorder_Pipeline_pipeup_l1_pipeup_l2|  return value|
|ap_idle                      |  out|    1|  ap_ctrl_hs|  reorder_Pipeline_pipeup_l1_pipeup_l2|  return value|
|ap_ready                     |  out|    1|  ap_ctrl_hs|  reorder_Pipeline_pipeup_l1_pipeup_l2|  return value|
|input_stream_dout            |   in|   64|     ap_fifo|                          input_stream|       pointer|
|input_stream_num_data_valid  |   in|    3|     ap_fifo|                          input_stream|       pointer|
|input_stream_fifo_cap        |   in|    3|     ap_fifo|                          input_stream|       pointer|
|input_stream_empty_n         |   in|    1|     ap_fifo|                          input_stream|       pointer|
|input_stream_read            |  out|    1|     ap_fifo|                          input_stream|       pointer|
|buff_0_0_address0            |  out|   13|   ap_memory|                              buff_0_0|         array|
|buff_0_0_ce0                 |  out|    1|   ap_memory|                              buff_0_0|         array|
|buff_0_0_we0                 |  out|    1|   ap_memory|                              buff_0_0|         array|
|buff_0_0_d0                  |  out|   32|   ap_memory|                              buff_0_0|         array|
|buff_0_1_address0            |  out|   13|   ap_memory|                              buff_0_1|         array|
|buff_0_1_ce0                 |  out|    1|   ap_memory|                              buff_0_1|         array|
|buff_0_1_we0                 |  out|    1|   ap_memory|                              buff_0_1|         array|
|buff_0_1_d0                  |  out|   32|   ap_memory|                              buff_0_1|         array|
|buff_1_0_address0            |  out|   13|   ap_memory|                              buff_1_0|         array|
|buff_1_0_ce0                 |  out|    1|   ap_memory|                              buff_1_0|         array|
|buff_1_0_we0                 |  out|    1|   ap_memory|                              buff_1_0|         array|
|buff_1_0_d0                  |  out|   32|   ap_memory|                              buff_1_0|         array|
|buff_1_1_address0            |  out|   13|   ap_memory|                              buff_1_1|         array|
|buff_1_1_ce0                 |  out|    1|   ap_memory|                              buff_1_1|         array|
|buff_1_1_we0                 |  out|    1|   ap_memory|                              buff_1_1|         array|
|buff_1_1_d0                  |  out|   32|   ap_memory|                              buff_1_1|         array|
+-----------------------------+-----+-----+------------+--------------------------------------+--------------+

