

================================================================
== Vitis HLS Report for 'radix2p'
================================================================
* Date:           Mon Mar  9 10:31:59 2026

* Version:        2023.2 (Build 4023990 on Oct 11 2023)
* Project:        hls_project
* Solution:       solution1 (Vivado IP Flow Target)
* Product family: zynquplus
* Target device:  xck26-sfvc784-2LV-c


================================================================
== Performance Estimates
================================================================
+ Timing: 
    * Summary: 
    +--------+---------+----------+------------+
    |  Clock |  Target | Estimated| Uncertainty|
    +--------+---------+----------+------------+
    |ap_clk  |  0.20 us|  4.529 ns|    54.00 ns|
    +--------+---------+----------+------------+

+ Latency: 
    * Summary: 
    +---------+---------+----------+----------+-----+------+---------+
    |  Latency (cycles) |  Latency (absolute) |  Interval  | Pipeline|
    |   min   |   max   |    min   |    max   | min |  max |   Type  |
    +---------+---------+----------+----------+-----+------+---------+
    |        4|     4100|  0.800 us|  0.820 ms|    4|  4100|       no|
    +---------+---------+----------+----------+-----+------+---------+

    + Detail: 
        * Instance: 
        +--------------------------------------------------------------+----------------------------------------------------+---------+---------+----------+----------+-----+------+---------+
        |                                                              |                                                    |  Latency (cycles) |  Latency (absolute) |  Interval  | Pipeline|
        |                           Instance                           |                       Module                       |   min   |   max   |    min   |    max   | min |  max |   Type  |
        +--------------------------------------------------------------+----------------------------------------------------+---------+---------+----------+----------+-----+------+---------+
        |grp_radix2p_Pipeline_VITIS_LOOP_172_1_VITIS_LOOP_175_2_fu_72  |radix2p_Pipeline_VITIS_LOOP_172_1_VITIS_LOOP_175_2  |        2|     4098|  0.400 us|  0.820 ms|    2|  4098|       no|
        +--------------------------------------------------------------+----------------------------------------------------+---------+---------+----------+----------+-----+------+---------+

        * Loop: 
        N/A



================================================================
== Utilization Estimates
================================================================
* Summary: 
+-----------------+---------+------+--------+--------+-----+
|       Name      | BRAM_18K|  DSP |   FF   |   LUT  | URAM|
+-----------------+---------+------+--------+--------+-----+
|DSP              |        -|     -|       -|       -|    -|
|Expression       |        -|     -|       0|       2|    -|
|FIFO             |        -|     -|       -|       -|    -|
|Instance         |        -|     -|      47|     256|    -|
|Memory           |        -|     -|       -|       -|    -|
|Multiplexer      |        -|     -|       -|      74|    -|
|Register         |        -|     -|      70|       -|    -|
+-----------------+---------+------+--------+--------+-----+
|Total            |        0|     0|     117|     332|    0|
+-----------------+---------+------+--------+--------+-----+
|Available        |      288|  1248|  234240|  117120|   64|
+-----------------+---------+------+--------+--------+-----+
|Utilization (%)  |        0|     0|      ~0|      ~0|    0|
+-----------------+---------+------+--------+--------+-----+

+ Detail: 
    * Instance: 
    +--------------------------------------------------------------+----------------------------------------------------+---------+----+----+-----+-----+
    |                           Instance                           |                       Module                       | BRAM_18K| DSP| FF | LUT | URAM|
    +--------------------------------------------------------------+----------------------------------------------------+---------+----+----+-----+-----+
    |grp_radix2p_Pipeline_VITIS_LOOP_172_1_VITIS_LOOP_175_2_fu_72  |radix2p_Pipeline_VITIS_LOOP_172_1_VITIS_LOOP_175_2  |        0|   0|  47|  256|    0|
    +--------------------------------------------------------------+----------------------------------------------------+---------+----+----+-----+-----+
    |Total                                                         |                                                    |        0|   0|  47|  256|    0|
    +--------------------------------------------------------------+----------------------------------------------------+---------+----+----+-----+-----+

    * DSP: 
    N/A

    * Memory: 
    N/A

    * FIFO: 
    N/A

    * Expression: 
    +-----------------+----------+----+---+----+------------+------------+
    |  Variable Name  | Operation| DSP| FF| LUT| Bitwidth P0| Bitwidth P1|
    +-----------------+----------+----+---+----+------------+------------+
    |ap_block_state1  |        or|   0|  0|   2|           1|           1|
    +-----------------+----------+----+---+----+------------+------------+
    |Total            |          |   0|  0|   2|           1|           1|
    +-----------------+----------+----+---+----+------------+------------+

    * Multiplexer: 
    +------------------+----+-----------+-----+-----------+
    |       Name       | LUT| Input Size| Bits| Total Bits|
    +------------------+----+-----------+-----+-----------+
    |ap_NS_fsm         |  20|          4|    1|          4|
    |ap_done           |   9|          2|    1|          2|
    |fft1_out_write    |   9|          2|    1|          2|
    |iter_blk_n        |   9|          2|    1|          2|
    |iter_c23_blk_n    |   9|          2|    1|          2|
    |real_start        |   9|          2|    1|          2|
    |reorder_out_read  |   9|          2|    1|          2|
    +------------------+----+-----------+-----+-----------+
    |Total             |  74|         16|    7|         16|
    +------------------+----+-----------+-----+-----------+

    * Register: 
    +---------------------------------------------------------------------------+----+----+-----+-----------+
    |                                    Name                                   | FF | LUT| Bits| Const Bits|
    +---------------------------------------------------------------------------+----+----+-----+-----------+
    |ap_CS_fsm                                                                  |   3|   0|    3|          0|
    |ap_done_reg                                                                |   1|   0|    1|          0|
    |grp_radix2p_Pipeline_VITIS_LOOP_172_1_VITIS_LOOP_175_2_fu_72_ap_start_reg  |   1|   0|    1|          0|
    |iter_3_reg_89                                                              |  32|   0|   32|          0|
    |start_once_reg                                                             |   1|   0|    1|          0|
    |tmp_reg_94                                                                 |  32|   0|   43|         11|
    +---------------------------------------------------------------------------+----+----+-----+-----------+
    |Total                                                                      |  70|   0|   81|         11|
    +---------------------------------------------------------------------------+----+----+-----+-----------+



================================================================
== Interface
================================================================
* Summary: 
+----------------------------+-----+-----+------------+--------------+--------------+
|          RTL Ports         | Dir | Bits|  Protocol  | Source Object|    C Type    |
+----------------------------+-----+-----+------------+--------------+--------------+
|ap_clk                      |   in|    1|  ap_ctrl_hs|       radix2p|  return value|
|ap_rst                      |   in|    1|  ap_ctrl_hs|       radix2p|  return value|
|ap_start                    |   in|    1|  ap_ctrl_hs|       radix2p|  return value|
|start_full_n                |   in|    1|  ap_ctrl_hs|       radix2p|  return value|
|ap_done                     |  out|    1|  ap_ctrl_hs|       radix2p|  return value|
|ap_continue                 |   in|    1|  ap_ctrl_hs|       radix2p|  return value|
|ap_idle                     |  out|    1|  ap_ctrl_hs|       radix2p|  return value|
|ap_ready                    |  out|    1|  ap_ctrl_hs|       radix2p|  return value|
|start_out                   |  out|    1|  ap_ctrl_hs|       radix2p|  return value|
|start_write                 |  out|    1|  ap_ctrl_hs|       radix2p|  return value|
|reorder_out_dout            |   in|   64|     ap_fifo|   reorder_out|       pointer|
|reorder_out_num_data_valid  |   in|    3|     ap_fifo|   reorder_out|       pointer|
|reorder_out_fifo_cap        |   in|    3|     ap_fifo|   reorder_out|       pointer|
|reorder_out_empty_n         |   in|    1|     ap_fifo|   reorder_out|       pointer|
|reorder_out_read            |  out|    1|     ap_fifo|   reorder_out|       pointer|
|fft1_out_din                |  out|   64|     ap_fifo|      fft1_out|       pointer|
|fft1_out_num_data_valid     |   in|    3|     ap_fifo|      fft1_out|       pointer|
|fft1_out_fifo_cap           |   in|    3|     ap_fifo|      fft1_out|       pointer|
|fft1_out_full_n             |   in|    1|     ap_fifo|      fft1_out|       pointer|
|fft1_out_write              |  out|    1|     ap_fifo|      fft1_out|       pointer|
|iter_dout                   |   in|   32|     ap_fifo|          iter|       pointer|
|iter_num_data_valid         |   in|    3|     ap_fifo|          iter|       pointer|
|iter_fifo_cap               |   in|    3|     ap_fifo|          iter|       pointer|
|iter_empty_n                |   in|    1|     ap_fifo|          iter|       pointer|
|iter_read                   |  out|    1|     ap_fifo|          iter|       pointer|
|iter_c23_din                |  out|   32|     ap_fifo|      iter_c23|       pointer|
|iter_c23_num_data_valid     |   in|    3|     ap_fifo|      iter_c23|       pointer|
|iter_c23_fifo_cap           |   in|    3|     ap_fifo|      iter_c23|       pointer|
|iter_c23_full_n             |   in|    1|     ap_fifo|      iter_c23|       pointer|
|iter_c23_write              |  out|    1|     ap_fifo|      iter_c23|       pointer|
+----------------------------+-----+-----+------------+--------------+--------------+

